>>> matrix_divided = __import__('2-matrix_divided').matrix_divided

matrix = [[2, 3, 4], [5, 6, 7], [8, 1, 5]]

matrix_len = [[1, 5, 7], [3, 9, 4], [3, 7]]
non_list = [['hello', 4], [3, 1, 6], ['a', 5]]
empty_list = []

>>> print(matrix_divided(matrix, 3))
[[0.6, 1, 1.3], [1.6, 2, 2.3], [2.6, 0.3, 1.6]]
>>> print(matrix_divided(matrix, 5))
[[0.4, 0.6, 0.8], [1, 1.2, 1.4], [1.6, 0.2, 1]]

>>> print(matrix_divided(matrix, 0))
Traceback (most recent call last):
ZeroDivisionError: division by zero
>>> print(matrix_divided(matrix, 'a'))
Traceback (most recent call last):
    ...
TypeError: div must be a number
>>> print(matrix_divided(matrix_len, 3))
Traceback (most recent call last):
    ...
TypeError: Each row of the matrix must have the same size
>>> print(matrix_divided(non_list, 3))
Traceback (most recent call last):
    ...
TypeError: matrix must be a matrix (list of lists) of integers/floats
>>>print(matrix_divided(empty_list, 3))
Traceback (most recent call last):
    ...
TypeError:matrix must be a matrix (list of lists) of integers/floats
